// Jest Snapshot v1, https://goo.gl/fbAQLP

exports[`TitleAndSubtitlerenders properly 1`] = `null`;
